2026-03-13T08:03:45+00:00 DEBUG #9242 - [New Request] GET /wordpress/wp-admin/admin.php
2026-03-13T08:03:45+00:00 DEBUG #9242 - GET https://api.woocommerce.com/integrations/ppc/v1/customer/partners/K8SKZ36LQBWXJ/merchant-integrations/
Response: Array
(
    [code] => 404
    [message] => Not Found
)

Response Body: {"statusCode":404,"error":"Not Found","message":"Not Found"}

2026-03-13T08:03:45+00:00 WARNING #9242 - [Error] Not Found CONTEXT: {"args":{"method":"GET","headers":{"Authorization":"Bearer token","Content-Type":"application/json"}},"response":{"headers":{},"body":"{"statusCode":404,"error":"Not Found","message":"Not Found"}","response":{"code":404,"message":"Not Found"},"cookies":[],"filename":null,"http_response":{"data":null,"headers":null,"status":null}}}
2026-03-13T08:03:48+00:00 DEBUG #3785 - [New Request] GET /wordpress/wp-json/wc/v3/wc_paypal/webhooks
2026-03-13T08:03:48+00:00 DEBUG #3785 - GET https://api.woocommerce.com/integrations/ppc/v1/notifications/webhooks
Response: Array
(
    [code] => 404
    [message] => Not Found
)

Response Body: {"statusCode":404,"error":"Not Found","message":"Not Found"}

2026-03-13T08:05:02+00:00 DEBUG #6612 - [New Request] POST /wordpress/wp-json/wc/v3/wc_paypal/login_link
2026-03-13T08:05:02+00:00 INFO #6612 - Generating onboarding URL for: production-express_checkout-
2026-03-13T08:05:04+00:00 DEBUG #6612 - POST https://api.woocommerce.com/integrations/ppc/v2/customer/partner-referrals
Request Body: {"partner_config_override":{"return_url":"http:\/\/localhost\/wordpress\/wp-admin\/admin.php?page=wc-settings&tab=checkout&section=ppcp-gateway&ppcpToken=eyJrIjoicHJvZHVjdGlvbi1leHByZXNzX2NoZWNrb3V0LSIsInUiOjEsImgiOiJiYzRhNjc5YjM2M2MwMDM2NDM5NmMyZjU3MzY0OTcxMiJ9","return_url_description":"Return to your shop.","show_add_credit_card":false},"products":["EXPRESS_CHECKOUT"],"legal_consents":[{"type":"SHARE_DATA_CONSENT","granted":true}],"operations":[{"operation":"API_INTEGRATION","api_integration_preference":{"rest_api_integration":{"integration_method":"PAYPAL","integration_type":"FIRST_PARTY","first_party_details":{"features":["PAYMENT","REFUND","ADVANCED_TRANSACTIONS_SEARCH","TRACKING_SHIPMENT_READWRITE","BILLING_AGREEMENT"],"seller_nonce":"a1233wtergfsdt4365tzrshgfbaewa36AGa1233wtergfsdt4365tzrshgfbaewa36AG"}}}}]}
Response Debug ID: 09b843c151876
Response: Array
(
    [code] => 201
    [message] => Created
)


2026-03-13T08:08:46+00:00 DEBUG #2956 - [New Request] POST /wordpress/wp-json/wc/v3/wc_paypal/login_link
2026-03-13T08:08:46+00:00 DEBUG #2956 - Loaded onboarding URL from cache: production-express_checkout-
2026-03-13T08:08:46+00:00 INFO #2956 - Using cached onboarding URL for: production-express_checkout-
2026-03-13T08:08:46+00:00 DEBUG #9441 - [New Request] POST /wordpress/wp-json/wc/v3/wc_paypal/login_link
2026-03-13T08:08:46+00:00 DEBUG #9441 - Loaded onboarding URL from cache: production-express_checkout-
2026-03-13T08:08:46+00:00 INFO #9441 - Using cached onboarding URL for: production-express_checkout-
2026-03-13T08:10:03+00:00 DEBUG #3703 - [New Request] POST /wordpress/wp-json/wc/v3/wc_paypal/authenticate/oauth
2026-03-13T08:10:03+00:00 INFO #3703 - Storing one-time OAuth credentials... CONTEXT: {"shared_id":"BAAK-9HF3FLuQJohaUExxdEg23hTUTzRRz8sdbgeITwfHCiYsW8AcPjfrpJDPi_4QRAN-AKRgapoDdvhG4","auth_code":"C21AANKzlD3pROQuy4UraIdMUsrQz8d07ZJlXmiAz-YSS4BXeVFoxSJe82G5Gj1_WlGP-UniUlWjWHMkFJijIPSCyh28G6GRQ","use_sandbox":false}
